[2026-10-08 01:25:20 INFO ] [Test worker/ConfigManager] Created default integrations.yml
[2026-10-08 01:25:20 INFO ] [Test worker/ConfigManager] Created default messages.yml
[2026-10-08 01:25:20 INFO ] [Test worker/ConfigManager] Created default integrations.yml
[2026-10-08 01:25:20 INFO ] [Test worker/ConfigManager] Created default messages.yml
[2026-10-08 01:25:20 INFO ] [Test worker/ConfigManager] Created default config.yml
[2026-10-08 01:25:20 INFO ] [Test worker/ConfigManager] Created default integrations.yml
[2026-10-08 01:25:20 INFO ] [Test worker/ConfigManager] Created default messages.yml
[2026-10-08 01:25:20 INFO ] [Test worker/ConfigManager] Created default integrations.yml
[2026-10-08 01:25:20 INFO ] [Test worker/ConfigManager] Created default messages.yml
[2026-10-08 01:25:20 WARN ] [Test worker/ConfigManager] config.yml: option 'operators' is missing or empty. Using the default: []. Tip: compare your file with the default one to add new options.
[2026-10-08 01:25:20 INFO ] [Test worker/ConfigManager] Created default integrations.yml
[2026-10-08 01:25:20 INFO ] [Test worker/ConfigManager] Created default messages.yml
[2026-10-08 01:25:20 INFO ] [Test worker/ConfigManager] Created default config.yml
[2026-10-08 01:25:20 INFO ] [Test worker/ConfigManager] Created default integrations.yml
[2026-10-08 01:25:20 INFO ] [Test worker/ConfigManager] Created default messages.yml
[2026-10-08 01:25:21 INFO ] [Test worker/ConfigManager] Created default integrations.yml
[2026-10-08 01:25:21 INFO ] [Test worker/ConfigManager] Created default messages.yml
[2026-10-08 01:25:21 INFO ] [Test worker/ConfigManager] Created default integrations.yml
[2026-10-08 01:25:21 INFO ] [Test worker/ConfigManager] Created default messages.yml
[2026-10-08 01:25:21 WARN ] [Test worker/ConfigManager] config.yml: option 'protection.hunger' has an invalid value 'maybe'. Allowed: true or false. Using the default: false
[2026-10-08 01:25:21 INFO ] [Test worker/ConfigManager] Created default integrations.yml
[2026-10-08 01:25:21 INFO ] [Test worker/ConfigManager] Created default messages.yml
[2026-10-08 01:25:21 INFO ] [Test worker/ConfigManager] Created default integrations.yml
[2026-10-08 01:25:21 INFO ] [Test worker/ConfigManager] Created default messages.yml
[2026-10-08 01:25:21 WARN ] [Test worker/ConfigManager] config.yml: option 'server.host' is missing or empty. Using the default: 0.0.0.0. Tip: compare your file with the default one to add new options.
[2026-10-08 01:25:21 WARN ] [Test worker/ConfigManager] config.yml: option 'server.motd' is missing or empty. Using the default: <gold><bold>My Network</bold></gold> <gray>- Lobby. Tip: compare your file with the default one to add new options.
[2026-10-08 01:25:21 WARN ] [Test worker/ConfigManager] config.yml: option 'server.max-players' is missing or empty. Using the default: 200. Tip: compare your file with the default one to add new options.
[2026-10-08 01:25:21 WARN ] [Test worker/ConfigManager] config.yml: option 'mode' is missing or empty. Using the default: standalone. Tip: compare your file with the default one to add new options.
[2026-10-08 01:25:21 WARN ] [Test worker/ConfigManager] config.yml: option 'mode' is missing or empty. Using the default: standalone. Tip: compare your file with the default one to add new options.
[2026-10-08 01:25:21 WARN ] [Test worker/ConfigManager] config.yml: option 'online-mode' is missing or empty. Using the default: false. Tip: compare your file with the default one to add new options.
[2026-10-08 01:25:21 WARN ] [Test worker/ConfigManager] config.yml: option 'fetch-skins-for-offline-players' is missing or empty. Using the default: true. Tip: compare your file with the default one to add new options.
[2026-10-08 01:25:21 WARN ] [Test worker/ConfigManager] config.yml: option 'velocity-secret' is missing or empty. Using the default: . Tip: compare your file with the default one to add new options.
[2026-10-08 01:25:21 WARN ] [Test worker/ConfigManager] config.yml: option 'bungeeguard-tokens' is missing or empty. Using the default: []. Tip: compare your file with the default one to add new options.
[2026-10-08 01:25:21 WARN ] [Test worker/ConfigManager] config.yml: option 'world.path' is missing or empty. Using the default: worlds/lobby.polar. Tip: compare your file with the default one to add new options.
[2026-10-08 01:25:21 WARN ] [Test worker/ConfigManager] config.yml: option 'world.convert-anvil-to-polar' is missing or empty. Using the default: true. Tip: compare your file with the default one to add new options.
[2026-10-08 01:25:21 WARN ] [Test worker/ConfigManager] config.yml: option 'world.preload-radius' is missing or empty. Using the default: 6. Tip: compare your file with the default one to add new options.
[2026-10-08 01:25:21 WARN ] [Test worker/ConfigManager] config.yml: option 'world.view-distance' is missing or empty. Using the default: 8. Tip: compare your file with the default one to add new options.
[2026-10-08 01:25:21 WARN ] [Test worker/ConfigManager] config.yml: option 'world.time' is missing or empty. Using the default: 6000. Tip: compare your file with the default one to add new options.
[2026-10-08 01:25:21 WARN ] [Test worker/ConfigManager] config.yml: option 'world.void-y' is missing or empty. Using the default: 0. Tip: compare your file with the default one to add new options.
[2026-10-08 01:25:21 WARN ] [Test worker/ConfigManager] config.yml: option 'spawn.x' is missing or empty. Using the default: 0.5. Tip: compare your file with the default one to add new options.
[2026-10-08 01:25:21 WARN ] [Test worker/ConfigManager] config.yml: option 'spawn.y' is missing or empty. Using the default: 65. Tip: compare your file with the default one to add new options.
[2026-10-08 01:25:21 WARN ] [Test worker/ConfigManager] config.yml: option 'spawn.z' is missing or empty. Using the default: 0.5. Tip: compare your file with the default one to add new options.
[2026-10-08 01:25:21 WARN ] [Test worker/ConfigManager] config.yml: option 'spawn.yaw' is missing or empty. Using the default: 0. Tip: compare your file with the default one to add new options.
[2026-10-08 01:25:21 WARN ] [Test worker/ConfigManager] config.yml: option 'spawn.pitch' is missing or empty. Using the default: 0. Tip: compare your file with the default one to add new options.
[2026-10-08 01:25:21 WARN ] [Test worker/ConfigManager] config.yml: option 'protection.block-break' is missing or empty. Using the default: false. Tip: compare your file with the default one to add new options.
[2026-10-08 01:25:21 WARN ] [Test worker/ConfigManager] config.yml: option 'protection.block-place' is missing or empty. Using the default: false. Tip: compare your file with the default one to add new options.
[2026-10-08 01:25:21 WARN ] [Test worker/ConfigManager] config.yml: option 'protection.damage' is missing or empty. Using the default: false. Tip: compare your file with the default one to add new options.
[2026-10-08 01:25:21 WARN ] [Test worker/ConfigManager] config.yml: option 'protection.hunger' is missing or empty. Using the default: false. Tip: compare your file with the default one to add new options.
[2026-10-08 01:25:21 WARN ] [Test worker/ConfigManager] config.yml: option 'protection.item-drop' is missing or empty. Using the default: false. Tip: compare your file with the default one to add new options.
[2026-10-08 01:25:21 WARN ] [Test worker/ConfigManager] config.yml: option 'operators' is missing or empty. Using the default: []. Tip: compare your file with the default one to add new options.
[2026-10-08 01:25:21 INFO ] [Test worker/ConfigManager] Created default integrations.yml
[2026-10-08 01:25:21 INFO ] [Test worker/ConfigManager] Created default messages.yml
[2026-10-08 01:25:21 WARN ] [Test worker/ConfigManager] config.yml: option 'server.port' has an invalid value 'banana'. Allowed: a whole number from 1 to 65535. Using the default: 25565
[2026-10-08 01:25:21 INFO ] [Test worker/ConfigManager] Created default config.yml
[2026-10-08 01:25:21 INFO ] [Test worker/ConfigManager] Created default integrations.yml
[2026-10-08 01:25:21 INFO ] [Test worker/ConfigManager] Created default messages.yml
[2026-10-08 01:25:21 INFO ] [Test worker/ConfigManager] Created default integrations.yml
[2026-10-08 01:25:21 INFO ] [Test worker/ConfigManager] Created default messages.yml
[2026-10-08 01:25:21 INFO ] [Test worker/ConfigManager] Created default integrations.yml
[2026-10-08 01:25:21 INFO ] [Test worker/ConfigManager] Created default messages.yml
[2026-10-08 01:25:21 WARN ] [Test worker/ConfigManager] config.yml: option 'server.host' is missing or empty. Using the default: 0.0.0.0. Tip: compare your file with the default one to add new options.
[2026-10-08 01:25:21 WARN ] [Test worker/ConfigManager] config.yml: option 'server.motd' is missing or empty. Using the default: <gold><bold>My Network</bold></gold> <gray>- Lobby. Tip: compare your file with the default one to add new options.
[2026-10-08 01:25:21 WARN ] [Test worker/ConfigManager] config.yml: option 'server.max-players' is missing or empty. Using the default: 200. Tip: compare your file with the default one to add new options.
[2026-10-08 01:25:21 WARN ] [Test worker/ConfigManager] config.yml: option 'mode' is missing or empty. Using the default: standalone. Tip: compare your file with the default one to add new options.
[2026-10-08 01:25:21 WARN ] [Test worker/ConfigManager] config.yml: option 'mode' is missing or empty. Using the default: standalone. Tip: compare your file with the default one to add new options.
[2026-10-08 01:25:21 WARN ] [Test worker/ConfigManager] config.yml: option 'online-mode' is missing or empty. Using the default: false. Tip: compare your file with the default one to add new options.
[2026-10-08 01:25:21 WARN ] [Test worker/ConfigManager] config.yml: option 'fetch-skins-for-offline-players' is missing or empty. Using the default: true. Tip: compare your file with the default one to add new options.
[2026-10-08 01:25:21 WARN ] [Test worker/ConfigManager] config.yml: option 'velocity-secret' is missing or empty. Using the default: . Tip: compare your file with the default one to add new options.
[2026-10-08 01:25:21 WARN ] [Test worker/ConfigManager] config.yml: option 'bungeeguard-tokens' is missing or empty. Using the default: []. Tip: compare your file with the default one to add new options.
[2026-10-08 01:25:21 WARN ] [Test worker/ConfigManager] config.yml: option 'world.path' is missing or empty. Using the default: worlds/lobby.polar. Tip: compare your file with the default one to add new options.
[2026-10-08 01:25:21 WARN ] [Test worker/ConfigManager] config.yml: option 'world.convert-anvil-to-polar' is missing or empty. Using the default: true. Tip: compare your file with the default one to add new options.
[2026-10-08 01:25:21 WARN ] [Test worker/ConfigManager] config.yml: option 'world.preload-radius' is missing or empty. Using the default: 6. Tip: compare your file with the default one to add new options.
[2026-10-08 01:25:21 WARN ] [Test worker/ConfigManager] config.yml: option 'world.view-distance' is missing or empty. Using the default: 8. Tip: compare your file with the default one to add new options.
[2026-10-08 01:25:21 WARN ] [Test worker/ConfigManager] config.yml: option 'world.time' is missing or empty. Using the default: 6000. Tip: compare your file with the default one to add new options.
[2026-10-08 01:25:21 WARN ] [Test worker/ConfigManager] config.yml: option 'world.void-y' is missing or empty. Using the default: 0. Tip: compare your file with the default one to add new options.
[2026-10-08 01:25:21 WARN ] [Test worker/ConfigManager] config.yml: option 'spawn.x' is missing or empty. Using the default: 0.5. Tip: compare your file with the default one to add new options.
[2026-10-08 01:25:21 WARN ] [Test worker/ConfigManager] config.yml: option 'spawn.y' is missing or empty. Using the default: 65. Tip: compare your file with the default one to add new options.
[2026-10-08 01:25:21 WARN ] [Test worker/ConfigManager] config.yml: option 'spawn.z' is missing or empty. Using the default: 0.5. Tip: compare your file with the default one to add new options.
[2026-10-08 01:25:21 WARN ] [Test worker/ConfigManager] config.yml: option 'spawn.yaw' is missing or empty. Using the default: 0. Tip: compare your file with the default one to add new options.
[2026-10-08 01:25:21 WARN ] [Test worker/ConfigManager] config.yml: option 'spawn.pitch' is missing or empty. Using the default: 0. Tip: compare your file with the default one to add new options.
[2026-10-08 01:25:21 WARN ] [Test worker/ConfigManager] config.yml: option 'protection.block-break' is missing or empty. Using the default: false. Tip: compare your file with the default one to add new options.
[2026-10-08 01:25:21 WARN ] [Test worker/ConfigManager] config.yml: option 'protection.block-place' is missing or empty. Using the default: false. Tip: compare your file with the default one to add new options.
[2026-10-08 01:25:21 WARN ] [Test worker/ConfigManager] config.yml: option 'protection.damage' is missing or empty. Using the default: false. Tip: compare your file with the default one to add new options.
[2026-10-08 01:25:21 WARN ] [Test worker/ConfigManager] config.yml: option 'protection.hunger' is missing or empty. Using the default: false. Tip: compare your file with the default one to add new options.
[2026-10-08 01:25:21 WARN ] [Test worker/ConfigManager] config.yml: option 'protection.item-drop' is missing or empty. Using the default: false. Tip: compare your file with the default one to add new options.
[2026-10-08 01:25:21 WARN ] [Test worker/ConfigManager] config.yml: option 'operators' is missing or empty. Using the default: []. Tip: compare your file with the default one to add new options.
[2026-10-08 01:25:21 INFO ] [Test worker/ConfigManager] Created default config.yml
[2026-10-08 01:25:21 INFO ] [Test worker/ConfigManager] Created default integrations.yml
[2026-10-08 01:25:21 INFO ] [Test worker/ConfigManager] Created default messages.yml
[2026-10-08 01:25:21 INFO ] [Test worker/ConfigManager] Created default config.yml
[2026-10-08 01:25:21 INFO ] [Test worker/ConfigManager] Created default integrations.yml
[2026-10-08 01:25:21 INFO ] [Test worker/ConfigManager] Created default messages.yml
[2026-10-08 01:25:21 INFO ] [Test worker/ConfigManager] Created default integrations.yml
[2026-10-08 01:25:21 INFO ] [Test worker/ConfigManager] Created default messages.yml
[2026-10-08 01:25:21 WARN ] [Test worker/ConfigManager] config.yml: option 'world.preload-radius' has an invalid value '500'. Allowed: a whole number from 1 to 32. Using the default: 6
[2026-10-08 01:25:21 INFO ] [Test worker/ConfigManager] Created default config.yml
[2026-10-08 01:25:21 INFO ] [Test worker/ConfigManager] Created default integrations.yml
[2026-10-08 01:25:21 INFO ] [Test worker/ConfigManager] Created default messages.yml
[2026-10-08 01:26:44 INFO ] [Test worker/ConfigManager] Created default integrations.yml
[2026-10-08 01:26:44 INFO ] [Test worker/ConfigManager] Created default messages.yml
[2026-10-08 01:26:44 INFO ] [Test worker/ConfigManager] Created default integrations.yml
[2026-10-08 01:26:44 INFO ] [Test worker/ConfigManager] Created default messages.yml
[2026-10-08 01:26:44 INFO ] [Test worker/ConfigManager] Created default config.yml
[2026-10-08 01:26:44 INFO ] [Test worker/ConfigManager] Created default integrations.yml
[2026-10-08 01:26:44 INFO ] [Test worker/ConfigManager] Created default messages.yml
[2026-10-08 01:26:45 INFO ] [Test worker/ConfigManager] Created default integrations.yml
[2026-10-08 01:26:45 INFO ] [Test worker/ConfigManager] Created default messages.yml
[2026-10-08 01:26:45 WARN ] [Test worker/ConfigManager] config.yml: option 'operators' is missing or empty. Using the default: []. Tip: compare your file with the default one to add new options.
[2026-10-08 01:26:45 INFO ] [Test worker/ConfigManager] Created default integrations.yml
[2026-10-08 01:26:45 INFO ] [Test worker/ConfigManager] Created default messages.yml
[2026-10-08 01:26:45 INFO ] [Test worker/ConfigManager] Created default config.yml
[2026-10-08 01:26:45 INFO ] [Test worker/ConfigManager] Created default integrations.yml
[2026-10-08 01:26:45 INFO ] [Test worker/ConfigManager] Created default messages.yml
[2026-10-08 01:26:45 INFO ] [Test worker/ConfigManager] Created default integrations.yml
[2026-10-08 01:26:45 INFO ] [Test worker/ConfigManager] Created default messages.yml
[2026-10-08 01:26:45 INFO ] [Test worker/ConfigManager] Created default integrations.yml
[2026-10-08 01:26:45 INFO ] [Test worker/ConfigManager] Created default messages.yml
[2026-10-08 01:26:45 WARN ] [Test worker/ConfigManager] config.yml: option 'protection.hunger' has an invalid value 'maybe'. Allowed: true or false. Using the default: false
[2026-10-08 01:26:45 INFO ] [Test worker/ConfigManager] Created default integrations.yml
[2026-10-08 01:26:45 INFO ] [Test worker/ConfigManager] Created default messages.yml
[2026-10-08 01:26:45 INFO ] [Test worker/ConfigManager] Created default integrations.yml
[2026-10-08 01:26:45 INFO ] [Test worker/ConfigManager] Created default messages.yml
[2026-10-08 01:26:45 WARN ] [Test worker/ConfigManager] config.yml: option 'server.host' is missing or empty. Using the default: 0.0.0.0. Tip: compare your file with the default one to add new options.
[2026-10-08 01:26:45 WARN ] [Test worker/ConfigManager] config.yml: option 'server.motd' is missing or empty. Using the default: <gold><bold>My Network</bold></gold> <gray>- Lobby. Tip: compare your file with the default one to add new options.
[2026-10-08 01:26:45 WARN ] [Test worker/ConfigManager] config.yml: option 'server.max-players' is missing or empty. Using the default: 200. Tip: compare your file with the default one to add new options.
[2026-10-08 01:26:45 WARN ] [Test worker/ConfigManager] config.yml: option 'mode' is missing or empty. Using the default: standalone. Tip: compare your file with the default one to add new options.
[2026-10-08 01:26:45 WARN ] [Test worker/ConfigManager] config.yml: option 'mode' is missing or empty. Using the default: standalone. Tip: compare your file with the default one to add new options.
[2026-10-08 01:26:45 WARN ] [Test worker/ConfigManager] config.yml: option 'online-mode' is missing or empty. Using the default: false. Tip: compare your file with the default one to add new options.
[2026-10-08 01:26:45 WARN ] [Test worker/ConfigManager] config.yml: option 'fetch-skins-for-offline-players' is missing or empty. Using the default: true. Tip: compare your file with the default one to add new options.
[2026-10-08 01:26:45 WARN ] [Test worker/ConfigManager] config.yml: option 'velocity-secret' is missing or empty. Using the default: . Tip: compare your file with the default one to add new options.
[2026-10-08 01:26:45 WARN ] [Test worker/ConfigManager] config.yml: option 'bungeeguard-tokens' is missing or empty. Using the default: []. Tip: compare your file with the default one to add new options.
[2026-10-08 01:26:45 WARN ] [Test worker/ConfigManager] config.yml: option 'world.path' is missing or empty. Using the default: worlds/lobby.polar. Tip: compare your file with the default one to add new options.
[2026-10-08 01:26:45 WARN ] [Test worker/ConfigManager] config.yml: option 'world.convert-anvil-to-polar' is missing or empty. Using the default: true. Tip: compare your file with the default one to add new options.
[2026-10-08 01:26:45 WARN ] [Test worker/ConfigManager] config.yml: option 'world.preload-radius' is missing or empty. Using the default: 6. Tip: compare your file with the default one to add new options.
[2026-10-08 01:26:45 WARN ] [Test worker/ConfigManager] config.yml: option 'world.view-distance' is missing or empty. Using the default: 8. Tip: compare your file with the default one to add new options.
[2026-10-08 01:26:45 WARN ] [Test worker/ConfigManager] config.yml: option 'world.time' is missing or empty. Using the default: 6000. Tip: compare your file with the default one to add new options.
[2026-10-08 01:26:45 WARN ] [Test worker/ConfigManager] config.yml: option 'world.void-y' is missing or empty. Using the default: 0. Tip: compare your file with the default one to add new options.
[2026-10-08 01:26:45 WARN ] [Test worker/ConfigManager] config.yml: option 'spawn.x' is missing or empty. Using the default: 0.5. Tip: compare your file with the default one to add new options.
[2026-10-08 01:26:45 WARN ] [Test worker/ConfigManager] config.yml: option 'spawn.y' is missing or empty. Using the default: 65. Tip: compare your file with the default one to add new options.
[2026-10-08 01:26:45 WARN ] [Test worker/ConfigManager] config.yml: option 'spawn.z' is missing or empty. Using the default: 0.5. Tip: compare your file with the default one to add new options.
[2026-10-08 01:26:45 WARN ] [Test worker/ConfigManager] config.yml: option 'spawn.yaw' is missing or empty. Using the default: 0. Tip: compare your file with the default one to add new options.
[2026-10-08 01:26:45 WARN ] [Test worker/ConfigManager] config.yml: option 'spawn.pitch' is missing or empty. Using the default: 0. Tip: compare your file with the default one to add new options.
[2026-10-08 01:26:45 WARN ] [Test worker/ConfigManager] config.yml: option 'protection.block-break' is missing or empty. Using the default: false. Tip: compare your file with the default one to add new options.
[2026-10-08 01:26:45 WARN ] [Test worker/ConfigManager] config.yml: option 'protection.block-place' is missing or empty. Using the default: false. Tip: compare your file with the default one to add new options.
[2026-10-08 01:26:45 WARN ] [Test worker/ConfigManager] config.yml: option 'protection.damage' is missing or empty. Using the default: false. Tip: compare your file with the default one to add new options.
[2026-10-08 01:26:45 WARN ] [Test worker/ConfigManager] config.yml: option 'protection.hunger' is missing or empty. Using the default: false. Tip: compare your file with the default one to add new options.
[2026-10-08 01:26:45 WARN ] [Test worker/ConfigManager] config.yml: option 'protection.item-drop' is missing or empty. Using the default: false. Tip: compare your file with the default one to add new options.
[2026-10-08 01:26:45 WARN ] [Test worker/ConfigManager] config.yml: option 'operators' is missing or empty. Using the default: []. Tip: compare your file with the default one to add new options.
[2026-10-08 01:26:45 INFO ] [Test worker/ConfigManager] Created default integrations.yml
[2026-10-08 01:26:45 INFO ] [Test worker/ConfigManager] Created default messages.yml
[2026-10-08 01:26:45 WARN ] [Test worker/ConfigManager] config.yml: option 'server.port' has an invalid value 'banana'. Allowed: a whole number from 1 to 65535. Using the default: 25565
[2026-10-08 01:26:45 INFO ] [Test worker/ConfigManager] Created default config.yml
[2026-10-08 01:26:45 INFO ] [Test worker/ConfigManager] Created default integrations.yml
[2026-10-08 01:26:45 INFO ] [Test worker/ConfigManager] Created default messages.yml
[2026-10-08 01:26:45 INFO ] [Test worker/ConfigManager] Created default integrations.yml
[2026-10-08 01:26:45 INFO ] [Test worker/ConfigManager] Created default messages.yml
[2026-10-08 01:26:45 INFO ] [Test worker/ConfigManager] Created default integrations.yml
[2026-10-08 01:26:45 INFO ] [Test worker/ConfigManager] Created default messages.yml
[2026-10-08 01:26:45 WARN ] [Test worker/ConfigManager] config.yml: option 'server.host' is missing or empty. Using the default: 0.0.0.0. Tip: compare your file with the default one to add new options.
[2026-10-08 01:26:45 WARN ] [Test worker/ConfigManager] config.yml: option 'server.motd' is missing or empty. Using the default: <gold><bold>My Network</bold></gold> <gray>- Lobby. Tip: compare your file with the default one to add new options.
[2026-10-08 01:26:45 WARN ] [Test worker/ConfigManager] config.yml: option 'server.max-players' is missing or empty. Using the default: 200. Tip: compare your file with the default one to add new options.
[2026-10-08 01:26:45 WARN ] [Test worker/ConfigManager] config.yml: option 'mode' is missing or empty. Using the default: standalone. Tip: compare your file with the default one to add new options.
[2026-10-08 01:26:45 WARN ] [Test worker/ConfigManager] config.yml: option 'mode' is missing or empty. Using the default: standalone. Tip: compare your file with the default one to add new options.
[2026-10-08 01:26:45 WARN ] [Test worker/ConfigManager] config.yml: option 'online-mode' is missing or empty. Using the default: false. Tip: compare your file with the default one to add new options.
[2026-10-08 01:26:45 WARN ] [Test worker/ConfigManager] config.yml: option 'fetch-skins-for-offline-players' is missing or empty. Using the default: true. Tip: compare your file with the default one to add new options.
[2026-10-08 01:26:45 WARN ] [Test worker/ConfigManager] config.yml: option 'velocity-secret' is missing or empty. Using the default: . Tip: compare your file with the default one to add new options.
[2026-10-08 01:26:45 WARN ] [Test worker/ConfigManager] config.yml: option 'bungeeguard-tokens' is missing or empty. Using the default: []. Tip: compare your file with the default one to add new options.
[2026-10-08 01:26:45 WARN ] [Test worker/ConfigManager] config.yml: option 'world.path' is missing or empty. Using the default: worlds/lobby.polar. Tip: compare your file with the default one to add new options.
[2026-10-08 01:26:45 WARN ] [Test worker/ConfigManager] config.yml: option 'world.convert-anvil-to-polar' is missing or empty. Using the default: true. Tip: compare your file with the default one to add new options.
[2026-10-08 01:26:45 WARN ] [Test worker/ConfigManager] config.yml: option 'world.preload-radius' is missing or empty. Using the default: 6. Tip: compare your file with the default one to add new options.
[2026-10-08 01:26:45 WARN ] [Test worker/ConfigManager] config.yml: option 'world.view-distance' is missing or empty. Using the default: 8. Tip: compare your file with the default one to add new options.
[2026-10-08 01:26:45 WARN ] [Test worker/ConfigManager] config.yml: option 'world.time' is missing or empty. Using the default: 6000. Tip: compare your file with the default one to add new options.
[2026-10-08 01:26:45 WARN ] [Test worker/ConfigManager] config.yml: option 'world.void-y' is missing or empty. Using the default: 0. Tip: compare your file with the default one to add new options.
[2026-10-08 01:26:45 WARN ] [Test worker/ConfigManager] config.yml: option 'spawn.x' is missing or empty. Using the default: 0.5. Tip: compare your file with the default one to add new options.
[2026-10-08 01:26:45 WARN ] [Test worker/ConfigManager] config.yml: option 'spawn.y' is missing or empty. Using the default: 65. Tip: compare your file with the default one to add new options.
[2026-10-08 01:26:45 WARN ] [Test worker/ConfigManager] config.yml: option 'spawn.z' is missing or empty. Using the default: 0.5. Tip: compare your file with the default one to add new options.
[2026-10-08 01:26:45 WARN ] [Test worker/ConfigManager] config.yml: option 'spawn.yaw' is missing or empty. Using the default: 0. Tip: compare your file with the default one to add new options.
[2026-10-08 01:26:45 WARN ] [Test worker/ConfigManager] config.yml: option 'spawn.pitch' is missing or empty. Using the default: 0. Tip: compare your file with the default one to add new options.
[2026-10-08 01:26:45 WARN ] [Test worker/ConfigManager] config.yml: option 'protection.block-break' is missing or empty. Using the default: false. Tip: compare your file with the default one to add new options.
[2026-10-08 01:26:45 WARN ] [Test worker/ConfigManager] config.yml: option 'protection.block-place' is missing or empty. Using the default: false. Tip: compare your file with the default one to add new options.
[2026-10-08 01:26:45 WARN ] [Test worker/ConfigManager] config.yml: option 'protection.damage' is missing or empty. Using the default: false. Tip: compare your file with the default one to add new options.
[2026-10-08 01:26:45 WARN ] [Test worker/ConfigManager] config.yml: option 'protection.hunger' is missing or empty. Using the default: false. Tip: compare your file with the default one to add new options.
[2026-10-08 01:26:45 WARN ] [Test worker/ConfigManager] config.yml: option 'protection.item-drop' is missing or empty. Using the default: false. Tip: compare your file with the default one to add new options.
[2026-10-08 01:26:45 WARN ] [Test worker/ConfigManager] config.yml: option 'operators' is missing or empty. Using the default: []. Tip: compare your file with the default one to add new options.
[2026-10-08 01:26:45 INFO ] [Test worker/ConfigManager] Created default config.yml
[2026-10-08 01:26:45 INFO ] [Test worker/ConfigManager] Created default integrations.yml
[2026-10-08 01:26:45 INFO ] [Test worker/ConfigManager] Created default messages.yml
[2026-10-08 01:26:45 INFO ] [Test worker/ConfigManager] Created default config.yml
[2026-10-08 01:26:45 INFO ] [Test worker/ConfigManager] Created default integrations.yml
[2026-10-08 01:26:45 INFO ] [Test worker/ConfigManager] Created default messages.yml
[2026-10-08 01:26:45 INFO ] [Test worker/ConfigManager] Created default integrations.yml
[2026-10-08 01:26:45 INFO ] [Test worker/ConfigManager] Created default messages.yml
[2026-10-08 01:26:45 WARN ] [Test worker/ConfigManager] config.yml: option 'world.preload-radius' has an invalid value '500'. Allowed: a whole number from 1 to 32. Using the default: 6
[2026-10-08 01:26:45 INFO ] [Test worker/ConfigManager] Created default config.yml
[2026-10-08 01:26:45 INFO ] [Test worker/ConfigManager] Created default integrations.yml
[2026-10-08 01:26:45 INFO ] [Test worker/ConfigManager] Created default messages.yml
[2026-10-08 01:26:49 INFO ] [Test worker/WorldLoader] Loading Polar map C:\Users\acer\AppData\Local\Temp\junit-734470978836929825\lobby.polar
[2026-10-08 01:26:50 INFO ] [Test worker/WorldLoader] Map 'lobby.polar' ready: polar (25 chunks, loaded in 859 ms, about 0 MB of memory, lighting computed)
[2026-10-08 01:26:50 INFO ] [Test worker/WorldLoader] Loading Anvil map C:\Users\acer\AppData\Local\Temp\junit-9741773649624096000\plain (only chunks near spawn are preloaded; turn on convert-anvil-to-polar to load the whole map up front)
[2026-10-08 01:26:51 INFO ] [Test worker/WorldLoader] Map 'plain' ready: anvil (9 chunks, loaded in 439 ms, about 0 MB of memory, lighting computed)
[2026-10-08 01:26:51 INFO ] [Test worker/WorldLoader] Loading Polar map C:\Users\acer\AppData\Local\Temp\junit-17229578769275396709\broken.polar
[2026-10-08 01:26:51 ERROR] [Test worker/WorldLoader] Could not load the map from 'C:\Users\acer\AppData\Local\Temp\junit-17229578769275396709\broken.polar': Invalid magic number
net.hollowcube.polar.PolarReader$Error: Invalid magic number
	at net.hollowcube.polar.PolarReader.assertThat(PolarReader.java:267)
	at net.hollowcube.polar.PolarReader.read(PolarReader.java:39)
	at net.hollowcube.polar.PolarReader.read(PolarReader.java:31)
	at net.hollowcube.polar.PolarLoader.<init>(PolarLoader.java:89)
	at io.github.mohammadhadimohammadi2007_dot.lobby.server.world.WorldLoader.loadPolar(WorldLoader.java:110)
	at io.github.mohammadhadimohammadi2007_dot.lobby.server.world.WorldLoader.load(WorldLoader.java:66)
	at io.github.mohammadhadimohammadi2007_dot.lobby.server.world.WorldLoaderIntegrationTest.brokenPolarFileGivesFlatPlatform(WorldLoaderIntegrationTest.java:106)
	at java.base/jdk.internal.reflect.DirectMethodHandleAccessor.invoke(DirectMethodHandleAccessor.java:104)
	at java.base/java.lang.reflect.Method.invoke(Method.java:565)
	at org.junit.platform.commons.util.ReflectionUtils.invokeMethod(ReflectionUtils.java:700)
	at org.junit.platform.commons.support.ReflectionSupport.invokeMethod(ReflectionSupport.java:528)
	at org.junit.jupiter.engine.support.MethodReflectionUtils.invoke(MethodReflectionUtils.java:53)
	at org.junit.jupiter.engine.execution.MethodInvocation.proceed(MethodInvocation.java:61)
	at org.junit.jupiter.engine.execution.InvocationInterceptorChain$ValidatingInvocation.proceed(InvocationInterceptorChain.java:124)
	at org.junit.jupiter.engine.extension.TimeoutExtension.intercept(TimeoutExtension.java:163)
	at org.junit.jupiter.engine.extension.TimeoutExtension.interceptTestableMethod(TimeoutExtension.java:148)
	at org.junit.jupiter.engine.extension.TimeoutExtension.interceptTestMethod(TimeoutExtension.java:86)
	at org.junit.jupiter.engine.execution.InterceptingExecutableInvoker$ReflectiveInterceptorCall.lambda$ofVoidMethod$0(InterceptingExecutableInvoker.java:124)
	at org.junit.jupiter.engine.execution.InterceptingExecutableInvoker.lambda$invoke$0(InterceptingExecutableInvoker.java:105)
	at org.junit.jupiter.engine.execution.InvocationInterceptorChain$InterceptedInvocation.proceed(InvocationInterceptorChain.java:99)
	at org.junit.jupiter.engine.execution.InvocationInterceptorChain.proceed(InvocationInterceptorChain.java:66)
	at org.junit.jupiter.engine.execution.InvocationInterceptorChain.chainAndInvoke(InvocationInterceptorChain.java:47)
	at org.junit.jupiter.engine.execution.InvocationInterceptorChain.invoke(InvocationInterceptorChain.java:39)
	at org.junit.jupiter.engine.execution.InterceptingExecutableInvoker.invoke(InterceptingExecutableInvoker.java:104)
	at org.junit.jupiter.engine.execution.InterceptingExecutableInvoker.invoke(InterceptingExecutableInvoker.java:98)
	at org.junit.jupiter.engine.execution.InterceptingExecutableInvoker.invokeVoid(InterceptingExecutableInvoker.java:71)
	at org.junit.jupiter.engine.descriptor.TestMethodTestDescriptor.lambda$invokeTestMethod$0(TestMethodTestDescriptor.java:219)
	at org.junit.platform.engine.support.hierarchical.ThrowableCollector.execute(ThrowableCollector.java:74)
	at org.junit.jupiter.engine.descriptor.TestMethodTestDescriptor.invokeTestMethod(TestMethodTestDescriptor.java:215)
	at org.junit.jupiter.engine.descriptor.TestMethodTestDescriptor.execute(TestMethodTestDescriptor.java:157)
	at org.junit.jupiter.engine.descriptor.TestMethodTestDescriptor.execute(TestMethodTestDescriptor.java:70)
	at org.junit.platform.engine.support.hierarchical.NodeTestTask.lambda$executeRecursively$2(NodeTestTask.java:176)
	at org.junit.platform.engine.support.hierarchical.ThrowableCollector.execute(ThrowableCollector.java:74)
	at org.junit.platform.engine.support.hierarchical.NodeTestTask.lambda$executeRecursively$1(NodeTestTask.java:166)
	at org.junit.platform.engine.support.hierarchical.Node.around(Node.java:139)
	at org.junit.platform.engine.support.hierarchical.NodeTestTask.lambda$executeRecursively$0(NodeTestTask.java:164)
	at org.junit.platform.engine.support.hierarchical.ThrowableCollector.execute(ThrowableCollector.java:74)
	at org.junit.platform.engine.support.hierarchical.NodeTestTask.executeRecursively(NodeTestTask.java:163)
	at org.junit.platform.engine.support.hierarchical.NodeTestTask.execute(NodeTestTask.java:116)
	at java.base/java.util.ArrayList.forEach(ArrayList.java:1604)
	at org.junit.platform.engine.support.hierarchical.SameThreadHierarchicalTestExecutorService.invokeAll(SameThreadHierarchicalTestExecutorService.java:42)
	at org.junit.platform.engine.support.hierarchical.NodeTestTask.lambda$executeRecursively$2(NodeTestTask.java:180)
	at org.junit.platform.engine.support.hierarchical.ThrowableCollector.execute(ThrowableCollector.java:74)
	at org.junit.platform.engine.support.hierarchical.NodeTestTask.lambda$executeRecursively$1(NodeTestTask.java:166)
	at org.junit.platform.engine.support.hierarchical.Node.around(Node.java:139)
	at org.junit.platform.engine.support.hierarchical.NodeTestTask.lambda$executeRecursively$0(NodeTestTask.java:164)
	at org.junit.platform.engine.support.hierarchical.ThrowableCollector.execute(ThrowableCollector.java:74)
	at org.junit.platform.engine.support.hierarchical.NodeTestTask.executeRecursively(NodeTestTask.java:163)
	at org.junit.platform.engine.support.hierarchical.NodeTestTask.execute(NodeTestTask.java:116)
	at java.base/java.util.ArrayList.forEach(ArrayList.java:1604)
	at org.junit.platform.engine.support.hierarchical.SameThreadHierarchicalTestExecutorService.invokeAll(SameThreadHierarchicalTestExecutorService.java:42)
	at org.junit.platform.engine.support.hierarchical.NodeTestTask.lambda$executeRecursively$2(NodeTestTask.java:180)
	at org.junit.platform.engine.support.hierarchical.ThrowableCollector.execute(ThrowableCollector.java:74)
	at org.junit.platform.engine.support.hierarchical.NodeTestTask.lambda$executeRecursively$1(NodeTestTask.java:166)
	at org.junit.platform.engine.support.hierarchical.Node.around(Node.java:139)
	at org.junit.platform.engine.support.hierarchical.NodeTestTask.lambda$executeRecursively$0(NodeTestTask.java:164)
	at org.junit.platform.engine.support.hierarchical.ThrowableCollector.execute(ThrowableCollector.java:74)
	at org.junit.platform.engine.support.hierarchical.NodeTestTask.executeRecursively(NodeTestTask.java:163)
	at org.junit.platform.engine.support.hierarchical.NodeTestTask.execute(NodeTestTask.java:116)
	at org.junit.platform.engine.support.hierarchical.SameThreadHierarchicalTestExecutorService.submit(SameThreadHierarchicalTestExecutorService.java:36)
	at org.junit.platform.engine.support.hierarchical.HierarchicalTestExecutor.execute(HierarchicalTestExecutor.java:52)
	at org.junit.platform.engine.support.hierarchical.HierarchicalTestEngine.execute(HierarchicalTestEngine.java:58)
	at org.junit.platform.launcher.core.EngineExecutionOrchestrator.executeEngine(EngineExecutionOrchestrator.java:256)
	at org.junit.platform.launcher.core.EngineExecutionOrchestrator.failOrExecuteEngine(EngineExecutionOrchestrator.java:228)
	at org.junit.platform.launcher.core.EngineExecutionOrchestrator.execute(EngineExecutionOrchestrator.java:189)
	at org.junit.platform.launcher.core.EngineExecutionOrchestrator.execute(EngineExecutionOrchestrator.java:109)
	at org.junit.platform.launcher.core.EngineExecutionOrchestrator.lambda$execute$0(EngineExecutionOrchestrator.java:66)
	at org.junit.platform.launcher.core.EngineExecutionOrchestrator.withInterceptedStreams(EngineExecutionOrchestrator.java:168)
	at org.junit.platform.launcher.core.EngineExecutionOrchestrator.execute(EngineExecutionOrchestrator.java:65)
	at org.junit.platform.launcher.core.DefaultLauncher.execute(DefaultLauncher.java:137)
	at org.junit.platform.launcher.core.DefaultLauncher.execute(DefaultLauncher.java:126)
	at org.junit.platform.launcher.core.DefaultLauncher.execute(DefaultLauncher.java:100)
	at org.junit.platform.launcher.core.DelegatingLauncher.execute(DelegatingLauncher.java:57)
	at org.junit.platform.launcher.core.InterceptingLauncher.lambda$execute$0(InterceptingLauncher.java:46)
	at org.junit.platform.launcher.core.ClasspathAlignmentCheckingLauncherInterceptor.intercept(ClasspathAlignmentCheckingLauncherInterceptor.java:25)
	at org.junit.platform.launcher.core.InterceptingLauncher.execute(InterceptingLauncher.java:45)
	at org.junit.platform.launcher.core.DelegatingLauncher.execute(DelegatingLauncher.java:57)
	at org.gradle.api.internal.tasks.testing.junitplatform.JUnitPlatformTestDefinitionProcessor$CollectThenExecuteTestDefinitionConsumer.processAllTestDefinitions(JUnitPlatformTestDefinitionProcessor.java:206)
	at org.gradle.api.internal.tasks.testing.junitplatform.JUnitPlatformTestDefinitionProcessor$CollectThenExecuteTestDefinitionConsumer.access$000(JUnitPlatformTestDefinitionProcessor.java:123)
	at org.gradle.api.internal.tasks.testing.junitplatform.JUnitPlatformTestDefinitionProcessor.stop(JUnitPlatformTestDefinitionProcessor.java:117)
	at org.gradle.api.internal.tasks.testing.SuiteTestDefinitionProcessor.stop(SuiteTestDefinitionProcessor.java:63)
	at java.base/jdk.internal.reflect.DirectMethodHandleAccessor.invoke(DirectMethodHandleAccessor.java:104)
	at java.base/java.lang.reflect.Method.invoke(Method.java:565)
	at org.gradle.internal.dispatch.MethodInvocation.invokeOn(MethodInvocation.java:77)
	at org.gradle.internal.dispatch.ReflectionDispatch.dispatch(ReflectionDispatch.java:28)
	at org.gradle.internal.dispatch.ReflectionDispatch.dispatch(ReflectionDispatch.java:19)
	at org.gradle.internal.dispatch.ContextClassLoaderDispatch.dispatch(ContextClassLoaderDispatch.java:33)
	at org.gradle.internal.dispatch.ProxyDispatchAdapter$DispatchingInvocationHandler.invoke(ProxyDispatchAdapter.java:88)
	at jdk.proxy1/jdk.proxy1.$Proxy4.stop(Unknown Source)
	at org.gradle.api.internal.tasks.testing.worker.TestWorker$3.run(TestWorker.java:195)
	at org.gradle.api.internal.tasks.testing.worker.TestWorker.executeAndMaintainThreadName(TestWorker.java:126)
	at org.gradle.api.internal.tasks.testing.worker.TestWorker.execute(TestWorker.java:103)
	at org.gradle.api.internal.tasks.testing.worker.TestWorker.execute(TestWorker.java:63)
	at org.gradle.process.internal.worker.child.ActionExecutionWorker.execute(ActionExecutionWorker.java:56)
	at org.gradle.process.internal.worker.child.SystemApplicationClassLoaderWorker.call(SystemApplicationClassLoaderWorker.java:122)
	at org.gradle.process.internal.worker.child.SystemApplicationClassLoaderWorker.call(SystemApplicationClassLoaderWorker.java:72)
	at worker.org.gradle.process.internal.worker.GradleWorkerMain.run(GradleWorkerMain.java:69)
	at worker.org.gradle.process.internal.worker.GradleWorkerMain.main(GradleWorkerMain.java:74)
[2026-10-08 01:26:51 WARN ] [Test worker/WorldLoader] Generating a small flat platform at spawn so the server can still start. Put your map at the path set in config.yml (world.path) and restart.
[2026-10-08 01:26:51 INFO ] [Test worker/WorldLoader] Map 'flat platform' ready: flat_fallback (9 chunks, loaded in 186 ms, about 0 MB of memory, lighting computed)
[2026-10-08 01:26:51 WARN ] [Test worker/WorldLoader] No map loaded: 'C:\Users\acer\AppData\Local\Temp\junit-613565784178626717\missing.polar' does not exist.
[2026-10-08 01:26:51 WARN ] [Test worker/WorldLoader] Generating a small flat platform at spawn so the server can still start. Put your map at the path set in config.yml (world.path) and restart.
[2026-10-08 01:26:51 INFO ] [Test worker/WorldLoader] Map 'flat platform' ready: flat_fallback (9 chunks, loaded in 94 ms, about 0 MB of memory, lighting computed)
[2026-10-08 01:26:51 INFO ] [Test worker/WorldLoader] Converting Anvil map C:\Users\acer\AppData\Local\Temp\junit-18253121582830159702\lobby to Polar (one time only, the original folder is kept)...
[2026-10-08 01:26:52 INFO ] [Test worker/WorldLoader] Saved converted map to C:\Users\acer\AppData\Local\Temp\junit-18253121582830159702\lobby.polar. Future starts load this file.
[2026-10-08 01:26:52 INFO ] [Test worker/WorldLoader] Map 'lobby' ready: anvil (25 chunks, loaded in 806 ms, about 1 MB of memory, lighting computed)
[2026-10-08 01:26:52 INFO ] [Test worker/WorldLoader] Loading Polar map C:\Users\acer\AppData\Local\Temp\junit-18253121582830159702\lobby.polar
[2026-10-08 01:26:52 INFO ] [Test worker/WorldLoader] Map 'lobby.polar' ready: polar (25 chunks, loaded in 100 ms, about 0 MB of memory)
[2026-10-08 01:27:38 INFO ] [Test worker/WorldLoader] Loading Polar map C:\Users\acer\AppData\Local\Temp\junit-3433010349290883821\lobby.polar
[2026-10-08 01:27:39 INFO ] [Test worker/WorldLoader] Map 'lobby.polar' ready: polar (25 chunks, loaded in 935 ms, about 0 MB of memory, lighting computed)
[2026-10-08 01:27:39 INFO ] [Test worker/WorldLoader] Loading Anvil map C:\Users\acer\AppData\Local\Temp\junit-15202719895793695706\plain (only chunks near spawn are preloaded; turn on convert-anvil-to-polar to load the whole map up front)
[2026-10-08 01:27:40 INFO ] [Test worker/WorldLoader] Map 'plain' ready: anvil (9 chunks, loaded in 185 ms, about 0 MB of memory, lighting computed)
[2026-10-08 01:27:40 INFO ] [Test worker/WorldLoader] Loading Polar map C:\Users\acer\AppData\Local\Temp\junit-2173384264493376273\broken.polar
[2026-10-08 01:27:40 ERROR] [Test worker/WorldLoader] Could not load the map from 'C:\Users\acer\AppData\Local\Temp\junit-2173384264493376273\broken.polar': Invalid magic number
net.hollowcube.polar.PolarReader$Error: Invalid magic number
	at net.hollowcube.polar.PolarReader.assertThat(PolarReader.java:267)
	at net.hollowcube.polar.PolarReader.read(PolarReader.java:39)
	at net.hollowcube.polar.PolarReader.read(PolarReader.java:31)
	at net.hollowcube.polar.PolarLoader.<init>(PolarLoader.java:89)
	at io.github.mohammadhadimohammadi2007_dot.lobby.server.world.WorldLoader.loadPolar(WorldLoader.java:110)
	at io.github.mohammadhadimohammadi2007_dot.lobby.server.world.WorldLoader.load(WorldLoader.java:66)
	at io.github.mohammadhadimohammadi2007_dot.lobby.server.world.WorldLoaderIntegrationTest.brokenPolarFileGivesFlatPlatform(WorldLoaderIntegrationTest.java:111)
	at java.base/jdk.internal.reflect.DirectMethodHandleAccessor.invoke(DirectMethodHandleAccessor.java:104)
	at java.base/java.lang.reflect.Method.invoke(Method.java:565)
	at org.junit.platform.commons.util.ReflectionUtils.invokeMethod(ReflectionUtils.java:700)
	at org.junit.platform.commons.support.ReflectionSupport.invokeMethod(ReflectionSupport.java:528)
	at org.junit.jupiter.engine.support.MethodReflectionUtils.invoke(MethodReflectionUtils.java:53)
	at org.junit.jupiter.engine.execution.MethodInvocation.proceed(MethodInvocation.java:61)
	at org.junit.jupiter.engine.execution.InvocationInterceptorChain$ValidatingInvocation.proceed(InvocationInterceptorChain.java:124)
	at org.junit.jupiter.engine.extension.TimeoutExtension.intercept(TimeoutExtension.java:163)
	at org.junit.jupiter.engine.extension.TimeoutExtension.interceptTestableMethod(TimeoutExtension.java:148)
	at org.junit.jupiter.engine.extension.TimeoutExtension.interceptTestMethod(TimeoutExtension.java:86)
	at org.junit.jupiter.engine.execution.InterceptingExecutableInvoker$ReflectiveInterceptorCall.lambda$ofVoidMethod$0(InterceptingExecutableInvoker.java:124)
	at org.junit.jupiter.engine.execution.InterceptingExecutableInvoker.lambda$invoke$0(InterceptingExecutableInvoker.java:105)
	at org.junit.jupiter.engine.execution.InvocationInterceptorChain$InterceptedInvocation.proceed(InvocationInterceptorChain.java:99)
	at org.junit.jupiter.engine.execution.InvocationInterceptorChain.proceed(InvocationInterceptorChain.java:66)
	at org.junit.jupiter.engine.execution.InvocationInterceptorChain.chainAndInvoke(InvocationInterceptorChain.java:47)
	at org.junit.jupiter.engine.execution.InvocationInterceptorChain.invoke(InvocationInterceptorChain.java:39)
	at org.junit.jupiter.engine.execution.InterceptingExecutableInvoker.invoke(InterceptingExecutableInvoker.java:104)
	at org.junit.jupiter.engine.execution.InterceptingExecutableInvoker.invoke(InterceptingExecutableInvoker.java:98)
	at org.junit.jupiter.engine.execution.InterceptingExecutableInvoker.invokeVoid(InterceptingExecutableInvoker.java:71)
	at org.junit.jupiter.engine.descriptor.TestMethodTestDescriptor.lambda$invokeTestMethod$0(TestMethodTestDescriptor.java:219)
	at org.junit.platform.engine.support.hierarchical.ThrowableCollector.execute(ThrowableCollector.java:74)
	at org.junit.jupiter.engine.descriptor.TestMethodTestDescriptor.invokeTestMethod(TestMethodTestDescriptor.java:215)
	at org.junit.jupiter.engine.descriptor.TestMethodTestDescriptor.execute(TestMethodTestDescriptor.java:157)
	at org.junit.jupiter.engine.descriptor.TestMethodTestDescriptor.execute(TestMethodTestDescriptor.java:70)
	at org.junit.platform.engine.support.hierarchical.NodeTestTask.lambda$executeRecursively$2(NodeTestTask.java:176)
	at org.junit.platform.engine.support.hierarchical.ThrowableCollector.execute(ThrowableCollector.java:74)
	at org.junit.platform.engine.support.hierarchical.NodeTestTask.lambda$executeRecursively$1(NodeTestTask.java:166)
	at org.junit.platform.engine.support.hierarchical.Node.around(Node.java:139)
	at org.junit.platform.engine.support.hierarchical.NodeTestTask.lambda$executeRecursively$0(NodeTestTask.java:164)
	at org.junit.platform.engine.support.hierarchical.ThrowableCollector.execute(ThrowableCollector.java:74)
	at org.junit.platform.engine.support.hierarchical.NodeTestTask.executeRecursively(NodeTestTask.java:163)
	at org.junit.platform.engine.support.hierarchical.NodeTestTask.execute(NodeTestTask.java:116)
	at java.base/java.util.ArrayList.forEach(ArrayList.java:1604)
	at org.junit.platform.engine.support.hierarchical.SameThreadHierarchicalTestExecutorService.invokeAll(SameThreadHierarchicalTestExecutorService.java:42)
	at org.junit.platform.engine.support.hierarchical.NodeTestTask.lambda$executeRecursively$2(NodeTestTask.java:180)
	at org.junit.platform.engine.support.hierarchical.ThrowableCollector.execute(ThrowableCollector.java:74)
	at org.junit.platform.engine.support.hierarchical.NodeTestTask.lambda$executeRecursively$1(NodeTestTask.java:166)
	at org.junit.platform.engine.support.hierarchical.Node.around(Node.java:139)
	at org.junit.platform.engine.support.hierarchical.NodeTestTask.lambda$executeRecursively$0(NodeTestTask.java:164)
	at org.junit.platform.engine.support.hierarchical.ThrowableCollector.execute(ThrowableCollector.java:74)
	at org.junit.platform.engine.support.hierarchical.NodeTestTask.executeRecursively(NodeTestTask.java:163)
	at org.junit.platform.engine.support.hierarchical.NodeTestTask.execute(NodeTestTask.java:116)
	at java.base/java.util.ArrayList.forEach(ArrayList.java:1604)
	at org.junit.platform.engine.support.hierarchical.SameThreadHierarchicalTestExecutorService.invokeAll(SameThreadHierarchicalTestExecutorService.java:42)
	at org.junit.platform.engine.support.hierarchical.NodeTestTask.lambda$executeRecursively$2(NodeTestTask.java:180)
	at org.junit.platform.engine.support.hierarchical.ThrowableCollector.execute(ThrowableCollector.java:74)
	at org.junit.platform.engine.support.hierarchical.NodeTestTask.lambda$executeRecursively$1(NodeTestTask.java:166)
	at org.junit.platform.engine.support.hierarchical.Node.around(Node.java:139)
	at org.junit.platform.engine.support.hierarchical.NodeTestTask.lambda$executeRecursively$0(NodeTestTask.java:164)
	at org.junit.platform.engine.support.hierarchical.ThrowableCollector.execute(ThrowableCollector.java:74)
	at org.junit.platform.engine.support.hierarchical.NodeTestTask.executeRecursively(NodeTestTask.java:163)
	at org.junit.platform.engine.support.hierarchical.NodeTestTask.execute(NodeTestTask.java:116)
	at org.junit.platform.engine.support.hierarchical.SameThreadHierarchicalTestExecutorService.submit(SameThreadHierarchicalTestExecutorService.java:36)
	at org.junit.platform.engine.support.hierarchical.HierarchicalTestExecutor.execute(HierarchicalTestExecutor.java:52)
	at org.junit.platform.engine.support.hierarchical.HierarchicalTestEngine.execute(HierarchicalTestEngine.java:58)
	at org.junit.platform.launcher.core.EngineExecutionOrchestrator.executeEngine(EngineExecutionOrchestrator.java:256)
	at org.junit.platform.launcher.core.EngineExecutionOrchestrator.failOrExecuteEngine(EngineExecutionOrchestrator.java:228)
	at org.junit.platform.launcher.core.EngineExecutionOrchestrator.execute(EngineExecutionOrchestrator.java:189)
	at org.junit.platform.launcher.core.EngineExecutionOrchestrator.execute(EngineExecutionOrchestrator.java:109)
	at org.junit.platform.launcher.core.EngineExecutionOrchestrator.lambda$execute$0(EngineExecutionOrchestrator.java:66)
	at org.junit.platform.launcher.core.EngineExecutionOrchestrator.withInterceptedStreams(EngineExecutionOrchestrator.java:168)
	at org.junit.platform.launcher.core.EngineExecutionOrchestrator.execute(EngineExecutionOrchestrator.java:65)
	at org.junit.platform.launcher.core.DefaultLauncher.execute(DefaultLauncher.java:137)
	at org.junit.platform.launcher.core.DefaultLauncher.execute(DefaultLauncher.java:126)
	at org.junit.platform.launcher.core.DefaultLauncher.execute(DefaultLauncher.java:100)
	at org.junit.platform.launcher.core.DelegatingLauncher.execute(DelegatingLauncher.java:57)
	at org.junit.platform.launcher.core.InterceptingLauncher.lambda$execute$0(InterceptingLauncher.java:46)
	at org.junit.platform.launcher.core.ClasspathAlignmentCheckingLauncherInterceptor.intercept(ClasspathAlignmentCheckingLauncherInterceptor.java:25)
	at org.junit.platform.launcher.core.InterceptingLauncher.execute(InterceptingLauncher.java:45)
	at org.junit.platform.launcher.core.DelegatingLauncher.execute(DelegatingLauncher.java:57)
	at org.gradle.api.internal.tasks.testing.junitplatform.JUnitPlatformTestDefinitionProcessor$CollectThenExecuteTestDefinitionConsumer.processAllTestDefinitions(JUnitPlatformTestDefinitionProcessor.java:206)
	at org.gradle.api.internal.tasks.testing.junitplatform.JUnitPlatformTestDefinitionProcessor$CollectThenExecuteTestDefinitionConsumer.access$000(JUnitPlatformTestDefinitionProcessor.java:123)
	at org.gradle.api.internal.tasks.testing.junitplatform.JUnitPlatformTestDefinitionProcessor.stop(JUnitPlatformTestDefinitionProcessor.java:117)
	at org.gradle.api.internal.tasks.testing.SuiteTestDefinitionProcessor.stop(SuiteTestDefinitionProcessor.java:63)
	at java.base/jdk.internal.reflect.DirectMethodHandleAccessor.invoke(DirectMethodHandleAccessor.java:104)
	at java.base/java.lang.reflect.Method.invoke(Method.java:565)
	at org.gradle.internal.dispatch.MethodInvocation.invokeOn(MethodInvocation.java:77)
	at org.gradle.internal.dispatch.ReflectionDispatch.dispatch(ReflectionDispatch.java:28)
	at org.gradle.internal.dispatch.ReflectionDispatch.dispatch(ReflectionDispatch.java:19)
	at org.gradle.internal.dispatch.ContextClassLoaderDispatch.dispatch(ContextClassLoaderDispatch.java:33)
	at org.gradle.internal.dispatch.ProxyDispatchAdapter$DispatchingInvocationHandler.invoke(ProxyDispatchAdapter.java:88)
	at jdk.proxy1/jdk.proxy1.$Proxy4.stop(Unknown Source)
	at org.gradle.api.internal.tasks.testing.worker.TestWorker$3.run(TestWorker.java:195)
	at org.gradle.api.internal.tasks.testing.worker.TestWorker.executeAndMaintainThreadName(TestWorker.java:126)
	at org.gradle.api.internal.tasks.testing.worker.TestWorker.execute(TestWorker.java:103)
	at org.gradle.api.internal.tasks.testing.worker.TestWorker.execute(TestWorker.java:63)
	at org.gradle.process.internal.worker.child.ActionExecutionWorker.execute(ActionExecutionWorker.java:56)
	at org.gradle.process.internal.worker.child.SystemApplicationClassLoaderWorker.call(SystemApplicationClassLoaderWorker.java:122)
	at org.gradle.process.internal.worker.child.SystemApplicationClassLoaderWorker.call(SystemApplicationClassLoaderWorker.java:72)
	at worker.org.gradle.process.internal.worker.GradleWorkerMain.run(GradleWorkerMain.java:69)
	at worker.org.gradle.process.internal.worker.GradleWorkerMain.main(GradleWorkerMain.java:74)
[2026-10-08 01:27:40 WARN ] [Test worker/WorldLoader] Generating a small flat platform at spawn so the server can still start. Put your map at the path set in config.yml (world.path) and restart.
[2026-10-08 01:27:40 INFO ] [Test worker/WorldLoader] Map 'flat platform' ready: flat_fallback (9 chunks, loaded in 195 ms, about 0 MB of memory, lighting computed)
[2026-10-08 01:27:40 WARN ] [Test worker/WorldLoader] No map loaded: 'C:\Users\acer\AppData\Local\Temp\junit-1852699620361369483\missing.polar' does not exist.
[2026-10-08 01:27:40 WARN ] [Test worker/WorldLoader] Generating a small flat platform at spawn so the server can still start. Put your map at the path set in config.yml (world.path) and restart.
[2026-10-08 01:27:40 INFO ] [Test worker/WorldLoader] Map 'flat platform' ready: flat_fallback (9 chunks, loaded in 139 ms, about 0 MB of memory, lighting computed)
[2026-10-08 01:27:40 INFO ] [Test worker/WorldLoader] Converting Anvil map C:\Users\acer\AppData\Local\Temp\junit-7887394060751026456\lobby to Polar (one time only, the original folder is kept)...
[2026-10-08 01:27:41 INFO ] [Test worker/WorldLoader] Saved converted map to C:\Users\acer\AppData\Local\Temp\junit-7887394060751026456\lobby.polar. Future starts load this file.
[2026-10-08 01:27:41 INFO ] [Test worker/WorldLoader] Map 'lobby' ready: anvil (25 chunks, loaded in 544 ms, about 1 MB of memory, lighting computed)
[2026-10-08 01:27:41 INFO ] [Test worker/WorldLoader] Loading Polar map C:\Users\acer\AppData\Local\Temp\junit-7887394060751026456\lobby.polar
[2026-10-08 01:27:41 INFO ] [Test worker/WorldLoader] Map 'lobby.polar' ready: polar (25 chunks, loaded in 74 ms, about 0 MB of memory)
[2026-10-08 01:27:41 INFO ] [Test worker/ConfigManager] Created default integrations.yml
[2026-10-08 01:27:41 INFO ] [Test worker/ConfigManager] Created default messages.yml
[2026-10-08 01:27:41 INFO ] [Test worker/ConfigManager] Created default integrations.yml
[2026-10-08 01:27:41 INFO ] [Test worker/ConfigManager] Created default messages.yml
[2026-10-08 01:27:41 INFO ] [Test worker/ConfigManager] Created default config.yml
[2026-10-08 01:27:41 INFO ] [Test worker/ConfigManager] Created default integrations.yml
[2026-10-08 01:27:41 INFO ] [Test worker/ConfigManager] Created default messages.yml
[2026-10-08 01:27:42 INFO ] [Test worker/ConfigManager] Created default integrations.yml
[2026-10-08 01:27:42 INFO ] [Test worker/ConfigManager] Created default messages.yml
[2026-10-08 01:27:42 WARN ] [Test worker/ConfigManager] config.yml: option 'operators' is missing or empty. Using the default: []. Tip: compare your file with the default one to add new options.
[2026-10-08 01:27:42 INFO ] [Test worker/ConfigManager] Created default integrations.yml
[2026-10-08 01:27:42 INFO ] [Test worker/ConfigManager] Created default messages.yml
[2026-10-08 01:27:42 INFO ] [Test worker/ConfigManager] Created default config.yml
[2026-10-08 01:27:42 INFO ] [Test worker/ConfigManager] Created default integrations.yml
[2026-10-08 01:27:42 INFO ] [Test worker/ConfigManager] Created default messages.yml
[2026-10-08 01:27:42 INFO ] [Test worker/ConfigManager] Created default integrations.yml
[2026-10-08 01:27:42 INFO ] [Test worker/ConfigManager] Created default messages.yml
[2026-10-08 01:27:42 INFO ] [Test worker/ConfigManager] Created default integrations.yml
[2026-10-08 01:27:42 INFO ] [Test worker/ConfigManager] Created default messages.yml
[2026-10-08 01:27:42 WARN ] [Test worker/ConfigManager] config.yml: option 'protection.hunger' has an invalid value 'maybe'. Allowed: true or false. Using the default: false
[2026-10-08 01:27:42 INFO ] [Test worker/ConfigManager] Created default integrations.yml
[2026-10-08 01:27:42 INFO ] [Test worker/ConfigManager] Created default messages.yml
[2026-10-08 01:27:42 INFO ] [Test worker/ConfigManager] Created default integrations.yml
[2026-10-08 01:27:42 INFO ] [Test worker/ConfigManager] Created default messages.yml
[2026-10-08 01:27:42 WARN ] [Test worker/ConfigManager] config.yml: option 'server.host' is missing or empty. Using the default: 0.0.0.0. Tip: compare your file with the default one to add new options.
[2026-10-08 01:27:42 WARN ] [Test worker/ConfigManager] config.yml: option 'server.motd' is missing or empty. Using the default: <gold><bold>My Network</bold></gold> <gray>- Lobby. Tip: compare your file with the default one to add new options.
[2026-10-08 01:27:42 WARN ] [Test worker/ConfigManager] config.yml: option 'server.max-players' is missing or empty. Using the default: 200. Tip: compare your file with the default one to add new options.
[2026-10-08 01:27:42 WARN ] [Test worker/ConfigManager] config.yml: option 'mode' is missing or empty. Using the default: standalone. Tip: compare your file with the default one to add new options.
[2026-10-08 01:27:42 WARN ] [Test worker/ConfigManager] config.yml: option 'mode' is missing or empty. Using the default: standalone. Tip: compare your file with the default one to add new options.
[2026-10-08 01:27:42 WARN ] [Test worker/ConfigManager] config.yml: option 'online-mode' is missing or empty. Using the default: false. Tip: compare your file with the default one to add new options.
[2026-10-08 01:27:42 WARN ] [Test worker/ConfigManager] config.yml: option 'fetch-skins-for-offline-players' is missing or empty. Using the default: true. Tip: compare your file with the default one to add new options.
[2026-10-08 01:27:42 WARN ] [Test worker/ConfigManager] config.yml: option 'velocity-secret' is missing or empty. Using the default: . Tip: compare your file with the default one to add new options.
[2026-10-08 01:27:42 WARN ] [Test worker/ConfigManager] config.yml: option 'bungeeguard-tokens' is missing or empty. Using the default: []. Tip: compare your file with the default one to add new options.
[2026-10-08 01:27:42 WARN ] [Test worker/ConfigManager] config.yml: option 'world.path' is missing or empty. Using the default: worlds/lobby.polar. Tip: compare your file with the default one to add new options.
[2026-10-08 01:27:42 WARN ] [Test worker/ConfigManager] config.yml: option 'world.convert-anvil-to-polar' is missing or empty. Using the default: true. Tip: compare your file with the default one to add new options.
[2026-10-08 01:27:42 WARN ] [Test worker/ConfigManager] config.yml: option 'world.preload-radius' is missing or empty. Using the default: 6. Tip: compare your file with the default one to add new options.
[2026-10-08 01:27:42 WARN ] [Test worker/ConfigManager] config.yml: option 'world.view-distance' is missing or empty. Using the default: 8. Tip: compare your file with the default one to add new options.
[2026-10-08 01:27:42 WARN ] [Test worker/ConfigManager] config.yml: option 'world.time' is missing or empty. Using the default: 6000. Tip: compare your file with the default one to add new options.
[2026-10-08 01:27:42 WARN ] [Test worker/ConfigManager] config.yml: option 'world.void-y' is missing or empty. Using the default: 0. Tip: compare your file with the default one to add new options.
[2026-10-08 01:27:42 WARN ] [Test worker/ConfigManager] config.yml: option 'spawn.x' is missing or empty. Using the default: 0.5. Tip: compare your file with the default one to add new options.
[2026-10-08 01:27:42 WARN ] [Test worker/ConfigManager] config.yml: option 'spawn.y' is missing or empty. Using the default: 65. Tip: compare your file with the default one to add new options.
[2026-10-08 01:27:42 WARN ] [Test worker/ConfigManager] config.yml: option 'spawn.z' is missing or empty. Using the default: 0.5. Tip: compare your file with the default one to add new options.
[2026-10-08 01:27:42 WARN ] [Test worker/ConfigManager] config.yml: option 'spawn.yaw' is missing or empty. Using the default: 0. Tip: compare your file with the default one to add new options.
[2026-10-08 01:27:42 WARN ] [Test worker/ConfigManager] config.yml: option 'spawn.pitch' is missing or empty. Using the default: 0. Tip: compare your file with the default one to add new options.
[2026-10-08 01:27:42 WARN ] [Test worker/ConfigManager] config.yml: option 'protection.block-break' is missing or empty. Using the default: false. Tip: compare your file with the default one to add new options.
[2026-10-08 01:27:42 WARN ] [Test worker/ConfigManager] config.yml: option 'protection.block-place' is missing or empty. Using the default: false. Tip: compare your file with the default one to add new options.
[2026-10-08 01:27:42 WARN ] [Test worker/ConfigManager] config.yml: option 'protection.damage' is missing or empty. Using the default: false. Tip: compare your file with the default one to add new options.
[2026-10-08 01:27:42 WARN ] [Test worker/ConfigManager] config.yml: option 'protection.hunger' is missing or empty. Using the default: false. Tip: compare your file with the default one to add new options.
[2026-10-08 01:27:42 WARN ] [Test worker/ConfigManager] config.yml: option 'protection.item-drop' is missing or empty. Using the default: false. Tip: compare your file with the default one to add new options.
[2026-10-08 01:27:42 WARN ] [Test worker/ConfigManager] config.yml: option 'operators' is missing or empty. Using the default: []. Tip: compare your file with the default one to add new options.
[2026-10-08 01:27:42 INFO ] [Test worker/ConfigManager] Created default integrations.yml
[2026-10-08 01:27:42 INFO ] [Test worker/ConfigManager] Created default messages.yml
[2026-10-08 01:27:42 WARN ] [Test worker/ConfigManager] config.yml: option 'server.port' has an invalid value 'banana'. Allowed: a whole number from 1 to 65535. Using the default: 25565
[2026-10-08 01:27:42 INFO ] [Test worker/ConfigManager] Created default config.yml
[2026-10-08 01:27:42 INFO ] [Test worker/ConfigManager] Created default integrations.yml
[2026-10-08 01:27:42 INFO ] [Test worker/ConfigManager] Created default messages.yml
[2026-10-08 01:27:42 INFO ] [Test worker/ConfigManager] Created default integrations.yml
[2026-10-08 01:27:42 INFO ] [Test worker/ConfigManager] Created default messages.yml
[2026-10-08 01:27:42 INFO ] [Test worker/ConfigManager] Created default integrations.yml
[2026-10-08 01:27:42 INFO ] [Test worker/ConfigManager] Created default messages.yml
[2026-10-08 01:27:42 WARN ] [Test worker/ConfigManager] config.yml: option 'server.host' is missing or empty. Using the default: 0.0.0.0. Tip: compare your file with the default one to add new options.
[2026-10-08 01:27:42 WARN ] [Test worker/ConfigManager] config.yml: option 'server.motd' is missing or empty. Using the default: <gold><bold>My Network</bold></gold> <gray>- Lobby. Tip: compare your file with the default one to add new options.
[2026-10-08 01:27:42 WARN ] [Test worker/ConfigManager] config.yml: option 'server.max-players' is missing or empty. Using the default: 200. Tip: compare your file with the default one to add new options.
[2026-10-08 01:27:42 WARN ] [Test worker/ConfigManager] config.yml: option 'mode' is missing or empty. Using the default: standalone. Tip: compare your file with the default one to add new options.
[2026-10-08 01:27:42 WARN ] [Test worker/ConfigManager] config.yml: option 'mode' is missing or empty. Using the default: standalone. Tip: compare your file with the default one to add new options.
[2026-10-08 01:27:42 WARN ] [Test worker/ConfigManager] config.yml: option 'online-mode' is missing or empty. Using the default: false. Tip: compare your file with the default one to add new options.
[2026-10-08 01:27:42 WARN ] [Test worker/ConfigManager] config.yml: option 'fetch-skins-for-offline-players' is missing or empty. Using the default: true. Tip: compare your file with the default one to add new options.
[2026-10-08 01:27:42 WARN ] [Test worker/ConfigManager] config.yml: option 'velocity-secret' is missing or empty. Using the default: . Tip: compare your file with the default one to add new options.
[2026-10-08 01:27:42 WARN ] [Test worker/ConfigManager] config.yml: option 'bungeeguard-tokens' is missing or empty. Using the default: []. Tip: compare your file with the default one to add new options.
[2026-10-08 01:27:42 WARN ] [Test worker/ConfigManager] config.yml: option 'world.path' is missing or empty. Using the default: worlds/lobby.polar. Tip: compare your file with the default one to add new options.
[2026-10-08 01:27:42 WARN ] [Test worker/ConfigManager] config.yml: option 'world.convert-anvil-to-polar' is missing or empty. Using the default: true. Tip: compare your file with the default one to add new options.
[2026-10-08 01:27:42 WARN ] [Test worker/ConfigManager] config.yml: option 'world.preload-radius' is missing or empty. Using the default: 6. Tip: compare your file with the default one to add new options.
[2026-10-08 01:27:42 WARN ] [Test worker/ConfigManager] config.yml: option 'world.view-distance' is missing or empty. Using the default: 8. Tip: compare your file with the default one to add new options.
[2026-10-08 01:27:42 WARN ] [Test worker/ConfigManager] config.yml: option 'world.time' is missing or empty. Using the default: 6000. Tip: compare your file with the default one to add new options.
[2026-10-08 01:27:42 WARN ] [Test worker/ConfigManager] config.yml: option 'world.void-y' is missing or empty. Using the default: 0. Tip: compare your file with the default one to add new options.
[2026-10-08 01:27:42 WARN ] [Test worker/ConfigManager] config.yml: option 'spawn.x' is missing or empty. Using the default: 0.5. Tip: compare your file with the default one to add new options.
[2026-10-08 01:27:42 WARN ] [Test worker/ConfigManager] config.yml: option 'spawn.y' is missing or empty. Using the default: 65. Tip: compare your file with the default one to add new options.
[2026-10-08 01:27:42 WARN ] [Test worker/ConfigManager] config.yml: option 'spawn.z' is missing or empty. Using the default: 0.5. Tip: compare your file with the default one to add new options.
[2026-10-08 01:27:42 WARN ] [Test worker/ConfigManager] config.yml: option 'spawn.yaw' is missing or empty. Using the default: 0. Tip: compare your file with the default one to add new options.
[2026-10-08 01:27:42 WARN ] [Test worker/ConfigManager] config.yml: option 'spawn.pitch' is missing or empty. Using the default: 0. Tip: compare your file with the default one to add new options.
[2026-10-08 01:27:42 WARN ] [Test worker/ConfigManager] config.yml: option 'protection.block-break' is missing or empty. Using the default: false. Tip: compare your file with the default one to add new options.
[2026-10-08 01:27:42 WARN ] [Test worker/ConfigManager] config.yml: option 'protection.block-place' is missing or empty. Using the default: false. Tip: compare your file with the default one to add new options.
[2026-10-08 01:27:42 WARN ] [Test worker/ConfigManager] config.yml: option 'protection.damage' is missing or empty. Using the default: false. Tip: compare your file with the default one to add new options.
[2026-10-08 01:27:42 WARN ] [Test worker/ConfigManager] config.yml: option 'protection.hunger' is missing or empty. Using the default: false. Tip: compare your file with the default one to add new options.
[2026-10-08 01:27:42 WARN ] [Test worker/ConfigManager] config.yml: option 'protection.item-drop' is missing or empty. Using the default: false. Tip: compare your file with the default one to add new options.
[2026-10-08 01:27:42 WARN ] [Test worker/ConfigManager] config.yml: option 'operators' is missing or empty. Using the default: []. Tip: compare your file with the default one to add new options.
[2026-10-08 01:27:42 INFO ] [Test worker/ConfigManager] Created default config.yml
[2026-10-08 01:27:42 INFO ] [Test worker/ConfigManager] Created default integrations.yml
[2026-10-08 01:27:42 INFO ] [Test worker/ConfigManager] Created default messages.yml
[2026-10-08 01:27:42 INFO ] [Test worker/ConfigManager] Created default config.yml
[2026-10-08 01:27:42 INFO ] [Test worker/ConfigManager] Created default integrations.yml
[2026-10-08 01:27:42 INFO ] [Test worker/ConfigManager] Created default messages.yml
[2026-10-08 01:27:42 INFO ] [Test worker/ConfigManager] Created default integrations.yml
[2026-10-08 01:27:42 INFO ] [Test worker/ConfigManager] Created default messages.yml
[2026-10-08 01:27:42 WARN ] [Test worker/ConfigManager] config.yml: option 'world.preload-radius' has an invalid value '500'. Allowed: a whole number from 1 to 32. Using the default: 6
[2026-10-08 01:27:42 INFO ] [Test worker/ConfigManager] Created default config.yml
[2026-10-08 01:27:42 INFO ] [Test worker/ConfigManager] Created default integrations.yml
[2026-10-08 01:27:42 INFO ] [Test worker/ConfigManager] Created default messages.yml
